// Jest Snapshot v1, https://goo.gl/fbAQLP

exports[`Page Given children When rendering Then match snapshot 1`] = `
<div
  className="sc-eCYdqJ dxffNO"
>
  <div
    className="sc-dkzDqf dzbSaz"
  >
    <span
      className="sc-gsnTZi bDiZFv"
    >
      nextRecipes
    </span>
    <div
      className="sc-hKMtZM kWcKmy"
    >
      <span
        className="sc-gsnTZi bDiZFv"
      >
        Lang
      </span>
      <span
        className="sc-gsnTZi bDiZFv"
      >
        Theme
      </span>
      <span
        className="sc-gsnTZi bDiZFv"
      >
        User
      </span>
    </div>
  </div>
  <div
    className="sc-bczRLJ sc-jSMfEi eGDUch kXwpjV"
  >
    <span>
      Children
    </span>
  </div>
</div>
`;
